[2026-02-22 21:26:03,265] INFO: 正在初始化应用...
[2026-02-22 21:26:04,638] INFO: HTTP Request: GET http://hk7.rz101.com:5400/health "HTTP/1.1 502 Bad Gateway"
[2026-02-22 21:26:04,639] ERROR: 健康检查失败: Expecting value: line 1 column 1 (char 0)
[2026-02-22 21:26:06,101] INFO: HTTP Request: GET http://hk7.rz101.com:5400/health "HTTP/1.1 502 Bad Gateway"
[2026-02-22 21:26:06,101] ERROR: 健康检查失败: Expecting value: line 1 column 1 (char 0)
[2026-02-22 21:26:07,021] INFO: HTTP Request: GET http://hk7.rz101.com:5400/health "HTTP/1.1 502 Bad Gateway"
[2026-02-22 21:26:07,021] ERROR: 健康检查失败: Expecting value: line 1 column 1 (char 0)
[2026-02-22 21:26:07,936] INFO: HTTP Request: GET http://hk7.rz101.com:5400/health "HTTP/1.1 502 Bad Gateway"
[2026-02-22 21:26:07,937] ERROR: 健康检查失败: Expecting value: line 1 column 1 (char 0)
[2026-02-22 21:26:09,771] INFO: HTTP Request: GET http://hk7.rz101.com:5400/health "HTTP/1.1 502 Bad Gateway"
[2026-02-22 21:26:09,772] ERROR: 健康检查失败: Expecting value: line 1 column 1 (char 0)
[2026-02-22 21:26:09,773] ERROR: 登录失败，重试次数已用完
[2026-02-22 21:26:09,773] INFO: 应用初始化完成
[2026-02-22 21:27:43,968] INFO: 正在关闭应用...
[2026-02-22 21:27:45,376] INFO: 正在初始化应用...
[2026-02-22 21:27:45,383] INFO: 应用初始化完成
[2026-02-22 21:28:00,717] ERROR: 未处理的异常: MessageManagerClass.like_message() got an unexpected keyword argument 'id'
[2026-02-22 21:28:11,410] ERROR: 未处理的异常: MessageManagerClass.comment_message() got an unexpected keyword argument 'id'
[2026-02-22 21:29:56,950] INFO: 正在关闭应用...
[2026-02-22 21:29:58,344] INFO: 正在初始化应用...
[2026-02-22 21:29:58,354] INFO: 应用初始化完成
[2026-02-22 21:30:01,872] ERROR: 未处理的异常: MessageManagerClass.like_message() got an unexpected keyword argument 'id'
[2026-02-22 21:32:56,302] ERROR: 未处理的异常: MessageManagerClass.like_message() got an unexpected keyword argument 'id'
[2026-02-22 21:32:57,316] ERROR: 未处理的异常: MessageManagerClass.dislike_message() got an unexpected keyword argument 'id'
[2026-02-22 21:33:10,973] ERROR: 未处理的异常: MessageManagerClass.like_message() got an unexpected keyword argument 'id'
[2026-02-22 21:34:02,677] INFO: 正在关闭应用...
[2026-02-22 21:34:04,201] INFO: 正在初始化应用...
[2026-02-22 21:34:04,208] INFO: 应用初始化完成
[2026-02-22 21:34:10,417] ERROR: 未处理的异常: MessageManagerClass.like_message() got an unexpected keyword argument 'id'
[2026-02-22 21:35:19,478] INFO: 正在关闭应用...
[2026-02-22 21:35:21,091] INFO: 正在初始化应用...
[2026-02-22 21:35:21,099] INFO: 应用初始化完成
[2026-02-22 21:35:53,430] INFO: 正在关闭应用...
[2026-02-22 21:35:57,413] INFO: 正在初始化应用...
[2026-02-22 21:35:57,421] INFO: 应用初始化完成
[2026-02-22 21:42:10,985] INFO: 正在关闭应用...
[2026-02-22 21:42:12,475] INFO: 正在初始化应用...
[2026-02-22 21:42:12,482] INFO: 应用初始化完成
[2026-02-23 03:23:55,841] INFO: 正在初始化应用...
[2026-02-23 03:23:55,850] INFO: 应用初始化完成
[2026-02-23 03:28:54,998] INFO: 正在关闭应用...
[2026-02-23 03:28:56,369] INFO: 正在初始化应用...
[2026-02-23 03:28:56,377] INFO: 应用初始化完成
[2026-02-23 03:42:17,058] INFO: 正在关闭应用...
[2026-02-23 03:42:18,452] INFO: 正在初始化应用...
[2026-02-23 03:42:18,459] INFO: 应用初始化完成
[2026-02-23 03:51:32,674] INFO: 正在关闭应用...
[2026-02-23 03:51:34,069] INFO: 正在初始化应用...
[2026-02-23 03:51:34,077] INFO: 应用初始化完成
[2026-02-23 03:52:07,429] INFO: 正在关闭应用...
[2026-02-23 03:52:11,973] INFO: 正在初始化应用...
[2026-02-23 03:52:11,979] INFO: 应用初始化完成
[2026-02-23 04:32:54,664] INFO: 正在关闭应用...
[2026-02-23 04:32:56,586] INFO: 正在初始化应用...
[2026-02-23 04:32:56,595] INFO: 应用初始化完成
[2026-02-23 04:33:14,000] ERROR: 未处理的异常: 'sch'
[2026-02-23 04:33:31,400] ERROR: 未处理的异常: 'sch'
[2026-02-23 04:36:38,974] ERROR: 未处理的异常: 'sch'
[2026-02-23 04:38:07,115] ERROR: 未处理的异常: 'sch'
[2026-02-23 04:38:47,458] INFO: 正在关闭应用...
[2026-02-23 04:39:05,341] INFO: 正在初始化应用...
[2026-02-23 04:39:05,347] INFO: 应用初始化完成
[2026-02-23 04:46:38,764] INFO: 正在关闭应用...
[2026-02-23 04:46:40,510] INFO: 正在初始化应用...
[2026-02-23 04:46:40,518] INFO: 应用初始化完成
[2026-02-23 04:47:05,259] ERROR: 未处理的异常: get_approved_ids() missing 1 required positional argument: 'sch'
[2026-02-23 04:47:39,567] INFO: 正在关闭应用...
[2026-02-23 04:47:40,619] INFO: 正在初始化应用...
[2026-02-23 04:47:40,626] INFO: 应用初始化完成
[2026-02-23 04:52:02,986] INFO: 正在关闭应用...
[2026-02-23 04:52:04,085] INFO: 正在初始化应用...
[2026-02-23 04:52:04,091] INFO: 应用初始化完成
[2026-02-23 04:53:21,439] INFO: 正在关闭应用...
[2026-02-23 04:53:22,662] INFO: 正在初始化应用...
[2026-02-23 04:53:22,670] INFO: 应用初始化完成
[2026-02-23 04:56:31,214] INFO: 正在关闭应用...
[2026-02-23 04:56:32,220] INFO: 正在初始化应用...
[2026-02-23 04:56:32,228] INFO: 应用初始化完成
[2026-02-23 05:32:12,291] INFO: 正在关闭应用...
[2026-02-23 05:32:13,674] INFO: 正在初始化应用...
[2026-02-23 05:32:13,681] INFO: 应用初始化完成
[2026-10-01 18:33:37,486] INFO: 正在初始化应用...
[2026-10-01 18:33:37,529] INFO: 应用初始化完成
[2026-10-01 19:01:36,902] INFO: 正在初始化应用...
[2026-10-01 19:01:36,959] INFO: 应用初始化完成
[2026-10-04 20:12:17,060] INFO: 正在初始化应用...
[2026-10-04 20:12:17,090] INFO: 应用初始化完成
[2026-10-04 20:28:24,503] INFO: 正在初始化应用...
[2026-10-04 20:28:24,544] INFO: 应用初始化完成
[2026-10-04 21:06:56,807] INFO: 正在初始化应用...
[2026-10-04 21:06:56,859] INFO: 应用初始化完成
[2026-10-04 21:40:52,242] INFO: 正在初始化应用...
[2026-10-04 21:40:52,283] INFO: 应用初始化完成
[2026-10-04 21:49:42,868] INFO: 正在初始化应用...
[2026-10-04 21:49:42,923] INFO: 应用初始化完成
[2026-10-04 22:22:02,452] INFO: 正在初始化应用...
[2026-10-04 22:22:02,487] INFO: 应用初始化完成
[2026-10-05 18:09:26,575] INFO: 正在初始化应用...
[2026-10-05 18:09:26,632] INFO: 应用初始化完成
